OTP email failed for abfembest@gmail.com: [Errno 104] Connection reset by peer
Not Found: /wp-login.php
OTP email failed for abfembest@gmail.com: Connection unexpectedly closed
Bad Request: /auth/
OTP email failed for abfembest@gmail.com: Connection unexpectedly closed
Not Found: /vendor/phpunit/phpunit/phpunit.xsd
Not Found: /robots.txt
OTP email failed for abfembest@gmail.com: Connection unexpectedly closed
OTP email failed for abfembest@gmail.com: EOF occurred in violation of protocol (_ssl.c:1010)
Not Found: /static/apple-touch-icon.png
Not Found: /favicon.ico
Not Found: /favicon.ico
Not Found: /static/apple-touch-icon.png
OTP email failed for abfembest@gmail.com: [Errno 104] Connection reset by peer
OTP email failed for abfembest@gmail.com: [Errno 104] Connection reset by peer
OTP email failed for abfembest@gmail.com: [Errno 104] Connection reset by peer
OTP email failed for miuedu26@gmail.com: EOF occurred in violation of protocol (_ssl.c:1010)
Not Found: /favicon.ico
Forbidden (CSRF token from POST incorrect.): /auth/
Bad Request: /auth/
Forbidden (CSRF token from POST incorrect.): /auth/
Bad Request: /auth/
Bad Request: /auth/
Bad Request: /auth/
OTP email failed for obikolade@gmail.com: EOF occurred in violation of protocol (_ssl.c:1010)
Not Found: /wp-content/plugins/hellopress/wp_filemanager.php
Not Found: /this_is_a_new_hello_world.php
Not Found: /bepass.php
Not Found: /zc-113.php
Not Found: /jac.php
Not Found: /122.php
Not Found: /install.php
Not Found: /gptsh.php
Not Found: /2ops.php
Not Found: /new.php
Not Found: /asd67.php
Not Found: /aa.php
Not Found: /1c.php
Not Found: /wplogbak.php
Not Found: /dvjul.php
Not Found: /adminner.php
Not Found: /wp-gaib.php
Not Found: /wp_E1iNrr8v.php
Not Found: /track.php
Not Found: /chosen.php
Not Found: /wp_v3PLmiqy.php
Not Found: /zdd.php
Not Found: /ah25.php
Not Found: /gettest.php
Not Found: /lol.php
Not Found: /as.php
Not Found: /zoper.php
Not Found: /nniwi.php
Not Found: /esp.php
Not Found: /s2.php
Not Found: /mosty.php
Not Found: /bakup.php
Not Found: /hur.php
Not Found: /class.php
Not Found: /fix.php
Not Found: /sixxis.php
Not Found: /lgonuhol.php
Not Found: /wp-curl-file.php
Not Found: /edit.php
Not Found: /Unlimited.php
Not Found: /zwso.php
Not Found: /300.php7
Not Found: /wp-acc.php
Not Found: /chomu.php
Not Found: /clouds.php
Not Found: /wsoo.php
Not Found: /atkno.php
Not Found: /cmd.php
Not Found: /sxlvb.php
Not Found: /hosty.php
Not Found: /lose.php
Not Found: /wp-cache.php
Not Found: /403.php
Not Found: /wp-png.php
Not Found: /blurbs.php
Not Found: /wp-X1s2e6h3p7.php
Not Found: /axcv.php
Not Found: /w40.php
OTP email failed for obikolade@gmail.com: _ssl.c:993: The handshake operation timed out
Not Found: /wp-login.php
Not Found: /administrator/
OTP email failed for obikolade@gmail.com: EOF occurred in violation of protocol (_ssl.c:1010)
OTP email failed for obikolade@gmail.com: [Errno 104] Connection reset by peer
OTP email failed for miuedu26@gmail.com: EOF occurred in violation of protocol (_ssl.c:1010)
Not Found: /robots.txt
Bad Request: /auth/
Bad Request: /auth/
Bad Request: /auth/
OTP email failed for abfembest@gmail.com: Connection unexpectedly closed
OTP email failed for obikolade@gmail.com: EOF occurred in violation of protocol (_ssl.c:1010)
OTP email failed for obikolade@gmail.com: Connection unexpectedly closed
OTP email failed for obikolade@gmail.com: EOF occurred in violation of protocol (_ssl.c:1010)
Not Found: /robots.txt
Not Found: /wp-admin/
Not Found: /ss.php
Not Found: /images/images/cache.php
Not Found: /wp-login.php
Not Found: /static/apple-touch-icon.png
Not Found: /static/apple-touch-icon.png
Not Found: /wp-content/plugins/hellopress/wp_filemanager.php
Not Found: /this_is_a_new_hello_world.php
Not Found: /x.php
Not Found: /by.php
Not Found: /cxs.php
Not Found: /coffexium.php
Not Found: /asdf.php
Not Found: /red.php
Not Found: /wp-includes/sodium_compat/
Not Found: /wp-admin/css/colors/coffee/wp-adochan.php
Not Found: /wp-includes/Text/
Not Found: /footer.php
Not Found: /wp-content/uploads/
Not Found: /wp-content/index.php
Not Found: /images/
Not Found: /zoro.php
Not Found: /wm.php
Not Found: /bajah.php
Not Found: /cream1.php
Not Found: /lim.php
Not Found: /heat3.php
Not Found: /greap.php
Not Found: /177.php
Not Found: /199.php
Not Found: /file52.php
Not Found: /backup/
Not Found: /122.php
Not Found: /wp/
Not Found: /new/
Not Found: /green1.php
Not Found: /old/
Not Found: /wordpress/
Not Found: /sukce.php
Not Found: /xb.php
Not Found: /biufile.php
Not Found: /wpconf.php
Not Found: /ultradybbuks.php
Not Found: /novax.php
Not Found: /mosty.php
Not Found: /dejavu.php
Not Found: /aaf.php
Not Found: /b00869ae6e.php
Not Found: /term.php
Not Found: /wander.php
Not Found: /ha.php
Not Found: /hur.php
Not Found: /2222.php
Not Found: /h02ugyh.php
Not Found: /seiso.php
Not Found: /155.php
Not Found: /ppp.php
Not Found: /201.php
Not Found: /ops.php
Not Found: /samll.php
Not Found: /ingfo.php
Not Found: /error_log.php
Not Found: /xenon1337.php
Not Found: /test11.php
Not Found: /koala.php
Not Found: /mac.php
Not Found: /25d653587fdfd1.php
Not Found: /wefile.php
Not Found: /modules/mod_simplefileuploadv1.3/elements/filemanager.php
Not Found: /wp-includes/blocks/post-comments-form/
Not Found: /wp-admin/js/
Not Found: /wp-admin/css/colour.php
Not Found: /2P.php
Not Found: /tires.php
Not Found: /wordpress/wp-admin/maint/
Not Found: /.well-known/about.php
Not Found: /wp-includes/ID3/about.php
Not Found: /bob.php
Not Found: /t3s.php
Not Found: /wp-admin/css/
Not Found: /wp-admin/css/colors/modern/
Not Found: /uwu.php
Not Found: /uwa.php
Not Found: /crgio.php
Not Found: /geforce.php
Not Found: /pucci.php
Not Found: /wp-includes/blocks/details/
Not Found: /wp-includes/blocks/audio/
Not Found: /wp-temp.php
Not Found: /wp-includes/blocks/buttons/
Not Found: /mode.php
Not Found: /wp-admin/js/index.php
Not Found: /dx.php
Not Found: /puc.php
Not Found: /themes.php
Not Found: /dx.php
Not Found: /11.php
Not Found: /p.php
Not Found: /wp-includes/Requests/
Not Found: /bthil.php
Not Found: /7.php
Not Found: /8.php
Not Found: /1.php
Not Found: /100.php
Not Found: /about.php
Not Found: /admin.php
Not Found: /edit.php
Not Found: /wp-content/admin.php
Not Found: /f6.php
Not Found: /inputs.php
Not Found: /av.php
Not Found: /classwithtostring.php
Not Found: /wp-content/themes/index.php
Not Found: /wp-blog.php
Not Found: /wp-includes/js/jquery/
Not Found: /wp-content/admin.php
Not Found: /adminfuns.php
Not Found: /goods.php
Not Found: /ms-edit.php
Not Found: /222.php
Not Found: /cgi-bin/index.php
Not Found: /wp-includes/css/dist/
Not Found: /BDKR28WP.php
Not Found: /wp-includes/l10n/
Not Found: /wp-content/uploads/
Not Found: /wp.php
Not Found: /abcd.php
Not Found: /a1.php
Not Found: /wp-includes/Text/Diff/Engine/about.php
Not Found: /bal.php
Not Found: /cgi-bin/admin.php
Not Found: /gettest.php
Not Found: /wp-content/BypassBest.php
Not Found: /wp-content/
Not Found: /simple.php
Not Found: /kj.php
Not Found: /xxx.php
Not Found: /hypo.php
Not Found: /wp-admin/css/colors/blue/
Not Found: /chosen.php
Not Found: /wp-includes/block-bindings/
Not Found: /gg.php
Not Found: /als.php
Not Found: /pol.php
Not Found: /006.php
Not Found: /file5.php
Not Found: /4PJcpMFsD8B.php
Not Found: /file.php
Not Found: /cfile.php
Not Found: /class-wp.php
Not Found: /admin.php
Not Found: /aa2.php
Not Found: /ccou.php
Not Found: /dr.php
Not Found: /xamp.php
Not Found: /bless.php
Not Found: /file46.php
Not Found: /eee.php
Not Found: /file25.php
Not Found: /hg.php
Not Found: /file48.php
Not Found: /ff.php
Not Found: /file31.php
Not Found: /file6.php
Not Found: /a2.php
Not Found: /file15.php
Not Found: /no1.php
Not Found: /jp.php
Not Found: /f35.php
Not Found: /wp-load.php
Not Found: /xwpg.php
Not Found: /wp-includes/assets/
Not Found: /ddd.php
Not Found: /wp-admin/css/colors/sunrise/
Not Found: /waf.php
Not Found: /xstelth.php
Not Found: /wp-admin/css/colors/midnight/about.php
Not Found: /wp-links.php
Not Found: /wp-admin/network/plugins.php
Not Found: /wp-content/plugins/hellopress/wp_filemanager.php
Not Found: /this_is_a_new_hello_world.php
Not Found: /x.php
Not Found: /2a81eff98bindex.php
Not Found: /6da5fc82adindex.php
Not Found: /e2c94ccb79index.php
Not Found: /ssixta.php
Not Found: /dvjul.php
Not Found: /alfaa.php
Not Found: /1.update.php
Not Found: /raw.php
Not Found: /w1px.php
Not Found: /images.php
Not Found: /kuj8rl.php
Not Found: /dvjul.php
Not Found: /w1px.php
Not Found: /by.php
Not Found: /FAQ.php
Not Found: /hhxc.php
Not Found: /fix.php
Not Found: /includesh1.php
Not Found: /cxs.php
Not Found: /coffexium.php
Not Found: /asdf.php
Not Found: /red.php
Not Found: /wp-includes/sodium_compat/
Not Found: /wp-admin/css/colors/coffee/wp-adochan.php
Not Found: /wp-includes/Text/
Not Found: /footer.php
Not Found: /wp-content/uploads/
Not Found: /wp-content/index.php
Not Found: /images/
Not Found: /zoro.php
Not Found: /bajah.php
Not Found: /cream1.php
Not Found: /lim.php
Not Found: /greap.php
Not Found: /177.php
Not Found: /199.php
Not Found: /file52.php
Not Found: /122.php
Not Found: /green1.php
Not Found: /sukce.php
Not Found: /xb.php
Not Found: /biufile.php
Not Found: /wpconf.php
Not Found: /ultradybbuks.php
Not Found: /mosty.php
Not Found: /dejavu.php
Not Found: /aaf.php
Not Found: /b00869ae6e.php
Not Found: /term.php
Not Found: /wander.php
Not Found: /ha.php
Not Found: /hur.php
Not Found: /h02ugyh.php
Not Found: /seiso.php
Not Found: /155.php
Not Found: /ppp.php
Not Found: /201.php
Not Found: /ops.php
Not Found: /samll.php
Not Found: /ingfo.php
Not Found: /error_log.php
Not Found: /xenon1337.php
Not Found: /test11.php
Not Found: /koala.php
Not Found: /mac.php
Not Found: /25d653587fdfd1.php
Not Found: /wefile.php
Not Found: /modules/mod_simplefileuploadv1.3/elements/filemanager.php
Not Found: /wp-includes/blocks/post-comments-form/
Not Found: /wp-admin/js/
Not Found: /wp-admin/css/colour.php
Not Found: /2P.php
Not Found: /tires.php
Not Found: /wordpress/wp-admin/maint/
Not Found: /.well-known/about.php
Not Found: /wp-includes/ID3/about.php
Not Found: /bob.php
Not Found: /wp-admin/css/
Not Found: /wp-admin/css/colors/modern/
Not Found: /uwu.php
Not Found: /uwa.php
Not Found: /crgio.php
Not Found: /geforce.php
Not Found: /pucci.php
Not Found: /wp-includes/blocks/details/
Not Found: /wp-includes/blocks/audio/
Not Found: /wp-temp.php
Not Found: /wp-includes/blocks/buttons/
Not Found: /mode.php
Not Found: /wp-admin/js/index.php//wp-admin/js/index.php
Not Found: /puc.php
Not Found: /themes.php//themes.php
Not Found: /dx.php
Not Found: /11.php
Not Found: /p.php
Not Found: /wp-includes/Requests//wp-includes/Requests/
Not Found: /bthil.php
Not Found: /7.php
Not Found: /8.php
Not Found: /1.php
Not Found: /100.php
Not Found: /about.php
Not Found: /admin.php//admin.php
Not Found: /edit.php//edit.php
Not Found: /wp-content/admin.php
Not Found: /f6.php//f6.php
Not Found: /inputs.php
Not Found: /av.php//av.php
Not Found: /classwithtostring.php
Not Found: /wp-content/themes/index.php
Not Found: /wp-blog.php
Not Found: /wp-includes/js/jquery//wp-includes/js/jquery/
Not Found: /wp-content/admin.php//wp-content/admin.php
Not Found: /adminfuns.php//adminfuns.php
Not Found: /goods.php
Not Found: /ms-edit.php
Not Found: /222.php
Not Found: /cgi-bin/index.php//cgi-bin/index.php
Not Found: /wp-includes/css/dist//wp-includes/css/dist/
Not Found: /BDKR28WP.php
Not Found: /wp-includes/l10n//wp-includes/l10n/
Not Found: /wp-content/uploads/
Not Found: /wp.php
Not Found: /abcd.php//abcd.php
Not Found: /a1.php//a1.php
Not Found: /wp-includes/Text/Diff/Engine/about.php
Not Found: /bal.php
Not Found: /cgi-bin/admin.php//cgi-bin/admin.php
Not Found: /gettest.php
Not Found: /wp-content/BypassBest.php//wp-content/BypassBest.php
Not Found: /wp-content/
Not Found: /simple.php
Not Found: /kj.php
Not Found: /xxx.php
Not Found: /hypo.php
Not Found: /wp-admin/css/colors/blue/
Not Found: /chosen.php
Not Found: /wp-includes/block-bindings//wp-includes/block-bindings/
Not Found: /als.php
Not Found: /pol.php
Not Found: /006.php
Not Found: /file5.php
Not Found: /4PJcpMFsD8B.php
Not Found: /file.php
Not Found: /cfile.php
Not Found: /class-wp.php
Not Found: /admin.php
Not Found: /aa2.php
Not Found: /ccou.php
Not Found: /dr.php
Not Found: /xamp.php
Not Found: /bless.php
Not Found: /file46.php
Not Found: /eee.php
Not Found: /file25.php
Not Found: /hg.php
Not Found: /file48.php
Not Found: /ff.php
Not Found: /file31.php
Not Found: /file6.php
Not Found: /a2.php
Not Found: /file15.php
Not Found: /no1.php
Not Found: /jp.php
Not Found: /f35.php
Not Found: /wp-load.php
Not Found: /xwpg.php//xwpg.php
Not Found: /wp-includes/assets//wp-includes/assets/
Not Found: /ddd.php
Not Found: /wp-admin/css/colors/sunrise/
Not Found: /waf.php
Not Found: /xstelth.php
Not Found: /wp-admin/css/colors/midnight/about.php
Not Found: /wp-links.php
Not Found: /wp-admin/network/plugins.php
Not Found: /file1.php
Not Found: /file2.php
Not Found: /file3.php
Not Found: /rh.php
Not Found: /wp-includes/certificates/about.php
Not Found: /wp-includes/sitemaps/about.php
Not Found: /wp-content/themes/
Not Found: /wp-admin/maint/admin.php
Not Found: /signon.php
Not Found: /wp-config-sample.php
Not Found: /admin.php
Not Found: /admin.php
Not Found: /wp-conf.php
Not Found: /copypaths.php
Not Found: /d2.php
Not Found: /bless6.php
Not Found: /el.php
Not Found: /yanz.php
Not Found: /fz.php
Not Found: /m57.php
Not Found: /lv.php
Not Found: /wp-includes/js/jquery//wp-includes/js/jquery/
Not Found: /wp-includes/css/dist//wp-includes/css/dist/
Not Found: /we.php
Not Found: /wp-the.php
Not Found: /wp-includes/blocks/post-comments-form/
Not Found: /to.php
Not Found: /0x.php
Not Found: /33.php
Not Found: /maxro.php
Not Found: /wp-admin/css/
Not Found: /wp-admin/network/cache/werrt.php
Not Found: /ak.php
Not Found: /lib.php
Not Found: /thebe.php
Not Found: /zxin.php
Not Found: /lo.php
Not Found: /an7.php
Not Found: /wp-includes/
Not Found: /grsiuk.php
Not Found: /bnn_.php
Not Found: /reze.php
Not Found: /webdb.php
Not Found: /class-t.api.php
Not Found: /bgymj.php
Not Found: /dlu.php
Not Found: /lopst.php
Not Found: /system_log.php
Not Found: /abc.php
Not Found: /baxa1.phP
Not Found: /ext.php
Not Found: /admir.php
Not Found: /acp.php
Not Found: /wp-admin/css/colors/blue/index.php
Not Found: /sang.php
Not Found: /motu.php
Not Found: /fileas.php
Not Found: /file22.php
Not Found: /waq.php
Not Found: /past1.php
Not Found: /wp-is.php
Not Found: /ws38.php
Not Found: /aigcpsba.php
Not Found: /da222.php
Not Found: /trx24.php
Not Found: /vv.php
Not Found: /wp-includes/SimplePie/cah.php
Not Found: /muzu.php
Not Found: /wp-admin/user/12.php
Not Found: /gdn.php
Not Found: /wp-includes/blocks/details/
Not Found: /3333.php
Not Found: /.well-known/acme-challenge/parx.php
Not Found: /prv8.php
OTP email failed for abfembest@gmail.com: Connection unexpectedly closed
Not Found: /robots.txt
